Ask HN: Is there an IDE for computer vision? (]8;;item?id=26298314item?id=26298314]8;;)
[2m2 points by awinter-py 6 hours ago â€¢ 0 comments â€¢ ID 26298314[0m
[2mYou are now in 'less' â€¢ Press 'q' to return and 'h' for help[0m

How are people running their detection pipelines on video and overlaying the
results? Is every project writing its own scaffolding for this? Is it mostly
'run command, generate new video'? Or is there a GUI / toolkit that's standard?
--------------------------------------------------------------------------------

